powerstep01.c:264:6:Powerstep01_AttachErrorHandler	16	static
powerstep01.c:279:6:Powerstep01_AttachFlagInterrupt	16	static
powerstep01.c:292:6:Powerstep01_AttachBusyInterrupt	16	static
powerstep01.c:301:10:Powerstep01_ReadId	4	static
powerstep01.c:311:6:Powerstep01_Init	16	static
powerstep01.c:355:9:Powerstep01_CheckBusyHw	8	static
powerstep01.c:374:9:Powerstep01_CheckStatusHw	8	static
powerstep01.c:392:10:Powerstep01_CmdGetParam	32	static
powerstep01.c:475:10:Powerstep01_CmdGetStatus	32	static
powerstep01.c:526:6:Powerstep01_CmdGoHome	16	static
powerstep01.c:536:6:Powerstep01_CmdGoMark	16	static
powerstep01.c:548:6:Powerstep01_CmdGoTo	16	static
powerstep01.c:561:6:Powerstep01_CmdGoToDir	16	static
powerstep01.c:578:6:Powerstep01_CmdGoUntil	16	static
powerstep01.c:598:6:Powerstep01_CmdHardHiZ	16	static
powerstep01.c:614:6:Powerstep01_CmdHardStop	16	static
powerstep01.c:626:6:Powerstep01_CmdMove	16	static
powerstep01.c:640:6:Powerstep01_CmdNop	16	static
powerstep01.c:654:6:Powerstep01_CmdReleaseSw	16	static
powerstep01.c:670:6:Powerstep01_CmdResetDevice	16	static
powerstep01.c:680:6:Powerstep01_CmdResetPos	16	static
powerstep01.c:692:6:Powerstep01_CmdRun	16	static
powerstep01.c:708:6:Powerstep01_CmdSetParam	32	static
powerstep01.c:791:6:Powerstep01_CmdSoftHiZ	16	static
powerstep01.c:809:6:Powerstep01_CmdSoftStop	16	static
powerstep01.c:820:6:Powerstep01_CmdStepClock	16	static
powerstep01.c:838:6:Powerstep01_FetchAndClearAllStatus	16	static
powerstep01.c:870:10:Powerstep01_GetFetchedStatus	24	static
powerstep01.c:885:13:Powerstep01_GetMotorHandle	4	static
powerstep01.c:894:10:Powerstep01_GetFwVersion	4	static
powerstep01.c:904:9:Powerstep01_GetMark	16	static
powerstep01.c:913:9:Powerstep01_GetNbDevices	4	static
powerstep01.c:925:7:Powerstep01_GetAnalogValue	32	static
powerstep01.c:992:9:Powerstep01_GetPosition	16	static
powerstep01.c:1003:6:Powerstep01_IsDeviceBusy	16	static
powerstep01.c:1030:6:Powerstep01_QueueCommands	24	static
powerstep01.c:1065:10:Powerstep01_ReadStatusRegister	16	static
powerstep01.c:1075:6:Powerstep01_ReleaseReset	16	static
powerstep01.c:1085:6:Powerstep01_Reset	16	static
powerstep01.c:1096:6:Powerstep01_SelectStepMode	24	static
powerstep01.c:1151:6:Powerstep01_SendQueuedCommands	16	static
powerstep01.c:1170:6:Powerstep01_SetHome	24	static
powerstep01.c:1182:6:Powerstep01_SetMark	16	static
powerstep01.c:1193:6:Powerstep01_SetNbDevices	16	static
powerstep01.c:1213:6:Powerstep01_SetAnalogValue	40	static
powerstep01.c:1326:6:Powerstep01_StartStepClock	16	static
powerstep01.c:1335:6:Powerstep01_StopStepClock	8	static
powerstep01.c:1344:6:Powerstep01_WaitForAllDevicesNotBusy	16	static
powerstep01.c:1365:6:Powerstep01_WaitWhileActive	16	static
powerstep01.c:1383:9:Powerstep01_ConvertPosition	24	static
powerstep01.c:1407:6:Powerstep01_BusyInterruptHandler	8	static
powerstep01.c:1426:6:Powerstep01_ErrorHandler	16	static
powerstep01.c:1445:6:Powerstep01_FlagInterruptHandler	8	static
powerstep01.c:1468:6:Powerstep01_SendCommand	24	static
powerstep01.c:1536:6:Powerstep01_SetRegisterToPredefinedValues	24	static
powerstep01.c:1900:6:Powerstep01_SetDeviceParamsToGivenValues	24	static
powerstep01.c:2019:6:Powerstep01_WriteBytes	16	static
powerstep01.c:2039:17:Powerstep01_AccDec_Steps_s2_to_RegVal	16	static
powerstep01.c:2049:14:Powerstep01_AccDec_RegVal_to_Steps_s2	16	static
powerstep01.c:2061:16:Powerstep01_BEMFslope_Perc_to_RegVal	16	static
powerstep01.c:2073:14:Powerstep01_BEMFslope_RegVal_to_Perc	16	static
powerstep01.c:2084:17:Powerstep01_FSSpd_Steps_s_to_RegVal	16	static
powerstep01.c:2094:14:Powerstep01_FSSpd_RegVal_to_Steps_s	16	static
powerstep01.c:2105:17:Powerstep01_IntSpd_Steps_s_to_RegVal	16	static
powerstep01.c:2115:14:Powerstep01_IntSpd_RegVal_to_Steps_s	16	static
powerstep01.c:2127:16:Powerstep01_KTherm_Comp_to_RegVal	16	static
powerstep01.c:2138:14:Powerstep01_KTherm_RegVal_to_Comp	16	static
powerstep01.c:2151:16:Powerstep01_Kval_Perc_to_RegVal	16	static
powerstep01.c:2165:14:Powerstep01_Kval_RegVal_to_Perc	16	static
powerstep01.c:2176:17:Powerstep01_MaxSpd_Steps_s_to_RegVal	16	static
powerstep01.c:2186:14:Powerstep01_MaxSpd_RegVal_to_Steps_s	16	static
powerstep01.c:2197:17:Powerstep01_MinSpd_Steps_s_to_RegVal	16	static
powerstep01.c:2207:14:Powerstep01_MinSpd_RegVal_to_Steps_s	16	static
powerstep01.c:2218:17:Powerstep01_Speed_Steps_s_to_RegVal	16	static
powerstep01.c:2228:14:Powerstep01_Speed_RegVal_to_Steps_s	16	static
powerstep01.c:2239:16:Powerstep01_StallOcd_Th_to_RegVal	16	static
powerstep01.c:2250:14:Powerstep01_StallOcd_RegVal_to_Th	16	static
powerstep01.c:2264:16:Powerstep01_Tval_RefVoltage_to_RegVal	16	static
powerstep01.c:2278:14:Powerstep01_Tval_RegVal_to_RefVoltage	16	static
powerstep01.c:2288:16:Powerstep01_Tmin_Time_to_RegVal	16	static
powerstep01.c:2298:14:Powerstep01_Tmin_RegVal_to_Time	16	static
