Powerstep_Task.c:27:6:task_Powerstep01	16	static
Powerstep_Task.c:115:6:task_Powerstep01_Init	16	static
Powerstep_Task.c:122:6:initMotor	112	static
Powerstep_Task.c:252:13:FlagInterruptHandler	4	static
Powerstep_Task.c:404:13:BusyInterruptHandler	8	static
Powerstep_Task.c:424:13:ErrorHandler	16	static
Powerstep_Task.c:435:6:goForward	16	static
Powerstep_Task.c:440:6:goBackward	16	static
Powerstep_Task.c:445:6:goTo	16	static
Powerstep_Task.c:450:6:goHome	8	static
Powerstep_Task.c:456:9:getPosition	8	static
