x_nucleo_ihm03a1_stm32f4xx.c:111:6:Powerstep01_Board_Delay	16	static
x_nucleo_ihm03a1_stm32f4xx.c:120:6:Powerstep01_Board_DisableIrq	4	static,ignoring_inline_asm
x_nucleo_ihm03a1_stm32f4xx.c:129:6:Powerstep01_Board_EnableIrq	4	static,ignoring_inline_asm
x_nucleo_ihm03a1_stm32f4xx.c:139:6:Powerstep01_Board_GpioInit	16	static
x_nucleo_ihm03a1_stm32f4xx.c:205:6:Powerstep01_Board_StepClockInit	8	static
x_nucleo_ihm03a1_stm32f4xx.c:241:6:Powerstep01_Board_StartStepClock	24	static
x_nucleo_ihm03a1_stm32f4xx.c:255:6:Powerstep01_Board_StopStepClock	8	static
x_nucleo_ihm03a1_stm32f4xx.c:265:6:Powerstep01_Board_ReleaseReset	16	static
x_nucleo_ihm03a1_stm32f4xx.c:275:6:Powerstep01_Board_Reset	16	static
x_nucleo_ihm03a1_stm32f4xx.c:284:9:Powerstep01_Board_SpiInit	8	static
x_nucleo_ihm03a1_stm32f4xx.c:317:9:Powerstep01_Board_SpiWriteBytes	40	static
x_nucleo_ihm03a1_stm32f4xx.c:341:10:Powerstep01_Board_BUSY_PIN_GetState	8	static
x_nucleo_ihm03a1_stm32f4xx.c:350:10:Powerstep01_Board_FLAG_PIN_GetState	8	static
